Downloading https://github.com/microsoft/mimalloc/archive/v2.2.3.tar.gz -> microsoft-mimalloc-v2.2.3.tar.gz
Successfully downloaded microsoft-mimalloc-v2.2.3.tar.gz
-- Extracting source C:/Users/nikol/AppData/Local/vcpkg/downloads/microsoft-mimalloc-v2.2.3.tar.gz
-- Applying patch pkgconfig-cxx.diff
-- Using source at C:/Users/nikol/pycharmprojects/GL/vcpkg_installed/vcpkg/blds/mimalloc/src/v2.2.3-60419d716e.clean
-- Found external ninja('1.12.1').
-- Configuring x64-windows
-- Building x64-windows-dbg
-- Building x64-windows-rel
CMake Warning at scripts/cmake/vcpkg_copy_pdbs.cmake:44 (message):
  Could not find a matching pdb file for:

      C:/Users/nikol/pycharmprojects/GL/vcpkg_installed/vcpkg/pkgs/mimalloc_x64-windows/bin/mimalloc-redirect.dll
      C:/Users/nikol/pycharmprojects/GL/vcpkg_installed/vcpkg/pkgs/mimalloc_x64-windows/debug/bin/mimalloc-redirect.dll

Call Stack (most recent call first):
  C:/Users/nikol/AppData/Local/vcpkg/registries/git-trees/2f3e2f01e16667452acf8006b384824da2cdfb98/portfile.cmake:37 (vcpkg_copy_pdbs)
  scripts/ports.cmake:206 (include)


-- Fixing pkgconfig file: C:/Users/nikol/pycharmprojects/GL/vcpkg_installed/vcpkg/pkgs/mimalloc_x64-windows/lib/pkgconfig/mimalloc.pc
Downloading msys2-mingw-w64-x86_64-pkgconf-1~2.4.3-1-any.pkg.tar.zst, trying https://mirror.msys2.org/mingw/mingw64/mingw-w64-x86_64-pkgconf-1~2.4.3-1-any.pkg.tar.zst
Successfully downloaded msys2-mingw-w64-x86_64-pkgconf-1~2.4.3-1-any.pkg.tar.zst
Downloading msys2-msys2-runtime-3.6.2-2-x86_64.pkg.tar.zst, trying https://mirror.msys2.org/msys/x86_64/msys2-runtime-3.6.2-2-x86_64.pkg.tar.zst
Successfully downloaded msys2-msys2-runtime-3.6.2-2-x86_64.pkg.tar.zst
-- Using msys root at C:/Users/nikol/AppData/Local/vcpkg/downloads/tools/msys2/9272adbcaf19caef
-- Fixing pkgconfig file: C:/Users/nikol/pycharmprojects/GL/vcpkg_installed/vcpkg/pkgs/mimalloc_x64-windows/debug/lib/pkgconfig/mimalloc.pc
-- Installing: C:/Users/nikol/pycharmprojects/GL/vcpkg_installed/vcpkg/pkgs/mimalloc_x64-windows/share/mimalloc/copyright
-- Performing post-build validation
